Adresse cible : temps/4IF17.html ; nombre de requête(s) : 1
Adresse cible : temps/4IF20.html ; nombre de requête(s) : 1
Adresse cible : temps/4IF16.html ; nombre de requête(s) : 1
Adresse cible : temps/4IF18.html ; nombre de requête(s) : 1
Adresse cible : temps/4IF19.html ; nombre de requête(s) : 1
Adresse cible : temps/3IF37.html ; nombre de requête(s) : 1

