Adresse cible : SiteWebIF/Intranet-etudiant.php ; nombre de requête(s) : 13
Adresse cible : temps/3IF1.ics ; nombre de requête(s) : 5
Adresse cible : notesif/ ; nombre de requête(s) : 4
Adresse cible : notesif ; nombre de requête(s) : 4
Adresse cible : temps/FondInsa.jpg ; nombre de requête(s) : 2
Adresse cible : temps/4IF3.ics ; nombre de requête(s) : 2
Adresse cible : temps/ ; nombre de requête(s) : 2
Adresse cible : temps/4IF4.ics ; nombre de requête(s) : 2
Adresse cible : temps/4IF1.ics ; nombre de requête(s) : 2
Adresse cible : stages/InsaIF.ico ; nombre de requête(s) : 1

