Probl√®me avec le fichier ../../LogDeTests/log1O.log
Erreur : il faut entrer un nombre pour le statut 

