Adresse cible : SiteWebIF/Intranet-etudiant.php ; nombre de requête(s) : 21
Adresse cible : temps/ ; nombre de requête(s) : 6
Adresse cible : temps/3IF38.html ; nombre de requête(s) : 6
Adresse cible : temps/3IF1.ics ; nombre de requête(s) : 6
Adresse cible : notesif/ ; nombre de requête(s) : 6
Adresse cible : temps/3IF39.html ; nombre de requête(s) : 5
Adresse cible : notesif ; nombre de requête(s) : 5
Adresse cible : favicon.ico ; nombre de requête(s) : 5
Adresse cible : temps/3IF37.html ; nombre de requête(s) : 4
Adresse cible : temps/InsaIF.ico ; nombre de requête(s) : 4

