Entrez un nom de fichier log
Erreur de syntaxe : ./analog nomfichier.log

