Adresse cible : SiteWebIF/Intranet-etudiant.php ; nombre de requête(s) : 13
Adresse cible : temps/ ; nombre de requête(s) : 7
Adresse cible : favicon.ico ; nombre de requête(s) : 6
Adresse cible : temps/FondInsa.jpg ; nombre de requête(s) : 6
Adresse cible : temps/style_emploi_du_temps.css ; nombre de requête(s) : 6
Adresse cible : temps/InsaIF.ico ; nombre de requête(s) : 5
Adresse cible : temps/3IF37.html ; nombre de requête(s) : 5
Adresse cible : stages/InsaIF.ico ; nombre de requête(s) : 4
Adresse cible : stages/FondInsa.jpg ; nombre de requête(s) : 4
Adresse cible : stages/style_pfe.css ; nombre de requête(s) : 4

