Adresse cible : SiteWebIF/Intranet-etudiant.php ; nombre de requête(s) : 25
Adresse cible : notesif/ ; nombre de requête(s) : 11
Adresse cible : notesif ; nombre de requête(s) : 9
Adresse cible : temps/3IF1.ics ; nombre de requête(s) : 7
Adresse cible : temps/ ; nombre de requête(s) : 7
Adresse cible : temps/style_emploi_du_temps.css ; nombre de requête(s) : 6
Adresse cible : temps/FondInsa.jpg ; nombre de requête(s) : 6
Adresse cible : temps/3IF38.html ; nombre de requête(s) : 6
Adresse cible : favicon.ico ; nombre de requête(s) : 6
Adresse cible : temps/3IF39.html ; nombre de requête(s) : 5

